// Jest Snapshot v1, https://goo.gl/fbAQLP

exports[`Multicall gas cost of pay w/ multicall 1`] = `935128`;

exports[`Multicall gas cost of pay w/o multicall 1`] = `893766`;
