// Jest Snapshot v1, https://goo.gl/fbAQLP

exports[`NonfungiblePositionManager #burn gas 1`] = `41450`;

exports[`NonfungiblePositionManager #collect gas transfers both 1`] = `113163`;

exports[`NonfungiblePositionManager #collect gas transfers token0 only 1`] = `126242`;

exports[`NonfungiblePositionManager #collect gas transfers token1 only 1`] = `126449`;

exports[`NonfungiblePositionManager #createAndInitializePoolIfNecessary gas 1`] = `3402164`;

exports[`NonfungiblePositionManager #decreaseLiquidity gas complete decrease 1`] = `102642`;

exports[`NonfungiblePositionManager #decreaseLiquidity gas partial decrease 1`] = `180817`;

exports[`NonfungiblePositionManager #increaseLiquidity gas 1`] = `202671`;

exports[`NonfungiblePositionManager #mint gas first mint for pool 1`] = `646218`;

exports[`NonfungiblePositionManager #mint gas first mint for pool using eth with non-zero refund 1`] = `656729`;

exports[`NonfungiblePositionManager #mint gas first mint for pool using eth with zero refund 1`] = `649504`;

exports[`NonfungiblePositionManager #mint gas mint for same pool, different ticks 1`] = `478605`;

exports[`NonfungiblePositionManager #mint gas mint on same ticks 1`] = `371424`;

exports[`NonfungiblePositionManager #permit owned by verifying contract gas 1`] = `68695`;

exports[`NonfungiblePositionManager #positions gas 1`] = `14951`;

exports[`NonfungiblePositionManager #transferFrom gas 1`] = `79265`;

exports[`NonfungiblePositionManager #transferFrom gas comes from approved 1`] = `67671`;

exports[`NonfungiblePositionManager bytecode size 1`] = `18045`;

exports[`NonfungiblePositionManager multicall exit gas 1`] = `154757`;
