// Jest Snapshot v1, https://goo.gl/fbAQLP

exports[`SwapRouter gas tests #exactInput 0 -> 1 -> 2 1`] = `2504451`;

exports[`SwapRouter gas tests #exactInput 0 -> 1 1`] = `1655421`;

exports[`SwapRouter gas tests #exactInput 0 -> 1 minimal 1`] = `1699437`;

exports[`SwapRouter gas tests #exactInput 0 -> WETH9 1`] = `2059278`;

exports[`SwapRouter gas tests #exactInput WETH9 -> 0 1`] = `2066306`;

exports[`SwapRouter gas tests #exactInputSingle 0 -> 1 1`] = `1653205`;

exports[`SwapRouter gas tests #exactInputSingle 0 -> WETH9 1`] = `2056871`;

exports[`SwapRouter gas tests #exactInputSingle WETH9 -> 0 1`] = `2064096`;

exports[`SwapRouter gas tests #exactOutput 0 -> 1 -> 2 1`] = `2488270`;

exports[`SwapRouter gas tests #exactOutput 0 -> 1 1`] = `1748595`;

exports[`SwapRouter gas tests #exactOutput 0 -> WETH9 1`] = `2111336`;

exports[`SwapRouter gas tests #exactOutput WETH9 -> 0 1`] = `2564769`;

exports[`SwapRouter gas tests #exactOutputSingle 0 -> 1 1`] = `1736977`;

exports[`SwapRouter gas tests #exactOutputSingle 0 -> WETH9 1`] = `2100582`;

exports[`SwapRouter gas tests #exactOutputSingle WETH9 -> 0 1`] = `2553186`;
